Microchip MPLAB XC8 Compiler V2.36

Linker command line:

-W-3 --edf=C:\Program Files\Microchip\xc8\v2.36\pic\dat\en_msgs.txt -cn \
  -h+dist/default/debug\BuckMsCProject.X.debug.sym \
  --cmf=dist/default/debug\BuckMsCProject.X.debug.cmf -z -Q16F1827 \
  -oC:\Users\B6028443\AppData\Local\Temp\xcAs9uo.6 --defsym=__MPLAB_BUILD=1 \
  -Mdist/default/debug/BuckMsCProject.X.debug.map \
  --md=C:\Users\B6028443\AppData\Local\Temp\xcBs9uo.dat -E1 \
  -ver=XC8 Compiler --acfsm=1493 -ACODE=00h-07FFhx2 -ASTRCODE=00h-0FFFh \
  -ASTRING=00h-0FFhx16 -ACONST=00h-0FFhx16 -AENTRY=00h-0FFhx16 \
  -ACOMMON=070h-07Fh -ABANK0=020h-06Fh -ABANK1=0A0h-0EFh \
  -ABANK2=0120h-016Fh -ABANK3=01A0h-01EFh -ABANK4=0220h-023Fh \
  -ABIGRAM=02000h-0215Fh \
  -ARAM=020h-06Fh,0A0h-0EFh,0120h-016Fh,01A0h-01EFh,0220h-023Fh \
  -AABS1=020h-07Fh,0A0h-0EFh,0120h-016Fh,01A0h-01EFh,0220h-024Fh \
  -ASFR0=00h-01Fh -ASFR1=080h-09Fh -ASFR2=0100h-011Fh -ASFR3=0180h-019Fh \
  -ASFR4=0200h-021Fh -ASFR5=0280h-02EFh -ASFR6=0300h-036Fh \
  -ASFR7=0380h-03EFh -ASFR8=0400h-046Fh -ASFR9=0480h-04EFh \
  -ASFR10=0500h-056Fh -ASFR11=0580h-05EFh -ASFR12=0600h-066Fh \
  -ASFR13=0680h-06EFh -ASFR14=0700h-076Fh -ASFR15=0780h-07EFh \
  -ASFR16=0800h-086Fh -ASFR17=0880h-08EFh -ASFR18=0900h-096Fh \
  -ASFR19=0980h-09EFh -ASFR20=0A00h-0A6Fh -ASFR21=0A80h-0AEFh \
  -ASFR22=0B00h-0B6Fh -ASFR23=0B80h-0BEFh -ASFR24=0C00h-0C6Fh \
  -ASFR25=0C80h-0CEFh -ASFR26=0D00h-0D6Fh -ASFR27=0D80h-0DEFh \
  -ASFR28=0E00h-0E6Fh -ASFR29=0E80h-0EEFh -ASFR30=0F00h-0F6Fh \
  -ASFR31=0F80h-0FEFh -ACONFIG=08007h-08008h -DCONFIG=2 \
  -AIDLOC=08000h-08003h -DIDLOC=2 -AEEDATA=00h-0FFh/0F000h \
  -peeprom_data=EEDATA -DEEDATA=2 -DCODE=2 -DSTRCODE=2 -DSTRING=2 -DCONST=2 \
  -DENTRY=2 -preset_vec=00h,intentry=04h,init,end_init -ppowerup=CODE \
  -pcinit=CODE -pfunctab=ENTRY -k \
  C:\Users\B6028443\AppData\Local\Temp\xcAs9uo.o \
  dist/default/debug\BuckMsCProject.X.debug.o 

Object code version is 3.11

Machine type is 16F1827



                Name                               Link     Load   Length Selector   Space Scale
C:\Users\B6028443\AppData\Local\Temp\xcAs9uo.o
                end_init                             67       67        2        8       0
                reset_vec                             0        0        3        0       0
                config                             8007     8007        2        0       4
                idloc                              8000     8000        4        0       5
dist/default/debug\BuckMsCProject.X.debug.o
                cinit                                69       69       14        8       0
                intentry                              4        4       63        8       0
                config                             8007     8007        2        0       4
                idloc                              8000     8000        4        0       5
                text18                              423      423       49        8       0
                text17                              4FE      4FE       17        8       0
                text16                              2B3      2B3       62        8       0
                text15                              374      374       58        8       0
                text14                              3CC      3CC       57        8       0
                text13                              46C      46C       33        8       0
                text12                              49F      49F       2B        8       0
                text11                              1D4      1D4       75        8       0
                text10                              315      315       5F        8       0
                text8                               54D      54D        6      A4E       0
                text7                               158      158       7C        8       0
                text6                               527      527        F      A4E       0
                text5                               249      249       6A        8       0
                text4                               536      536        9      A4E       0
                text3                                7D       7D       DB        8       0
                text2                               4E6      4E6       18        8       0
                text1                               53F      53F        8      A4E       0
                maintext                            4CA      4CA       1C        8       0
                cstackBANK0                          52       52       14       20       1
                cstackCOMMON                         70       70        E       70       1
                clrtext                             547      547        6      A4E       0
                bssBANK1                             A0       A0       20       A0       1
                bssBANK0                             20       20       32       20       1
                stringtext1                         515      515       12      A2A       0

TOTAL           Name                               Link     Load   Length     Space
        CLASS   CODE           
                end_init                             67       67        2         0
                cinit                                69       69       14         0
                intentry                              4        4       63         0
                reset_vec                             0        0        3         0
                text18                              423      423       49         0
                text17                              4FE      4FE       17         0
                text16                              2B3      2B3       62         0
                text15                              374      374       58         0
                text14                              3CC      3CC       57         0
                text13                              46C      46C       33         0
                text12                              49F      49F       2B         0
                text11                              1D4      1D4       75         0
                text10                              315      315       5F         0
                text8                               54D      54D        6         0
                text7                               158      158       7C         0
                text6                               527      527        F         0
                text5                               249      249       6A         0
                text4                               536      536        9         0
                text3                                7D       7D       DB         0
                text2                               4E6      4E6       18         0
                text1                               53F      53F        8         0
                maintext                            4CA      4CA       1C         0
                clrtext                             547      547        6         0

        CLASS   STRCODE        
                stringtext1                         515      515       12         0

        CLASS   STRING         

        CLASS   CONST          

        CLASS   ENTRY          

        CLASS   COMMON         
                cstackCOMMON                         70       70        E         1

        CLASS   BANK0          
                cstackBANK0                          52       52       14         1
                bssBANK0                             20       20       32         1

        CLASS   BANK1          
                bssBANK1                             A0       A0       20         1

        CLASS   BANK2          

        CLASS   BANK3          

        CLASS   BANK4          

        CLASS   BIGRAM         

        CLASS   RAM            

        CLASS   ABS1           
                abs_s1                               7E       7E        2         1

        CLASS   SFR0           

        CLASS   SFR1           

        CLASS   SFR2           

        CLASS   SFR3           

        CLASS   SFR4           

        CLASS   SFR5           

        CLASS   SFR6           

        CLASS   SFR7           

        CLASS   SFR8           

        CLASS   SFR9           

        CLASS   SFR10          

        CLASS   SFR11          

        CLASS   SFR12          

        CLASS   SFR13          

        CLASS   SFR14          

        CLASS   SFR15          

        CLASS   SFR16          

        CLASS   SFR17          

        CLASS   SFR18          

        CLASS   SFR19          

        CLASS   SFR20          

        CLASS   SFR21          

        CLASS   SFR22          

        CLASS   SFR23          

        CLASS   SFR24          

        CLASS   SFR25          

        CLASS   SFR26          

        CLASS   SFR27          

        CLASS   SFR28          

        CLASS   SFR29          

        CLASS   SFR30          

        CLASS   SFR31          

        CLASS   CONFIG         
                config                             8007     8007        2         4

        CLASS   IDLOC          
                idloc                              8000     8000        4         5

        CLASS   EEDATA         

        CLASS   BANK31         

        CLASS   BANK30         

        CLASS   BANK29         

        CLASS   BANK28         

        CLASS   BANK27         

        CLASS   BANK26         

        CLASS   BANK25         

        CLASS   BANK24         

        CLASS   BANK23         

        CLASS   BANK22         

        CLASS   BANK21         

        CLASS   BANK20         

        CLASS   BANK19         

        CLASS   BANK18         

        CLASS   BANK17         

        CLASS   BANK16         

        CLASS   BANK15         

        CLASS   BANK14         

        CLASS   BANK13         

        CLASS   BANK12         

        CLASS   BANK11         

        CLASS   BANK10         

        CLASS   BANK9          

        CLASS   BANK8          

        CLASS   BANK7          

        CLASS   BANK6          

        CLASS   BANK5          

        CLASS   HEAP           

        CLASS   STACK          



SEGMENTS        Name                           Load    Length   Top    Selector   Space  Class     Delta

                reset_vec                      000000  000003  000003         0       0  CODE        2
                intentry                       000004  000511  000515         8       0  CODE        2
                bssBANK0                       000020  000046  000066        20       1  BANK0       1
                cstackCOMMON                   000070  00000E  00007E        70       1  COMMON      1
                bssBANK1                       0000A0  000020  0000C0        A0       1  BANK1       1
                stringtext1                    000515  000012  000527       A2A       0  STRCODE     2
                text6                          000527  00002C  000553       A4E       0  CODE        2


UNUSED ADDRESS RANGES

        Name                Unused          Largest block    Delta
        BANK0            00066-0006F               A           1
        BANK1            000C0-000EF              30           1
        BANK2            00120-0016F              50           1
        BANK3            001A0-001EF              50           1
        BANK4            00220-0023F              20           1
        BIGRAM           02000-0215F             160           1
        CODE             00003-00003               1           2
                         00553-00FFF             2AD
        CONST            00003-00003               1           2
                         00553-00FFF             100
        EEDATA           0F000-0F0FF             100           2
        ENTRY            00003-00003               1           2
                         00553-00FFF             100
        RAM              00066-0006F               A           1
                         000C0-000EF              30
                         00120-0016F              50
                         001A0-001EF              50
                         00220-0023F              20
        SFR0             00000-0001F              20           1
        SFR1             00080-0009F              20           1
        SFR10            00500-0056F              70           1
        SFR11            00580-005EF              70           1
        SFR12            00600-0066F              70           1
        SFR13            00680-006EF              70           1
        SFR14            00700-0076F              70           1
        SFR15            00780-007EF              70           1
        SFR16            00800-0086F              70           1
        SFR17            00880-008EF              70           1
        SFR18            00900-0096F              70           1
        SFR19            00980-009EF              70           1
        SFR2             00100-0011F              20           1
        SFR20            00A00-00A6F              70           1
        SFR21            00A80-00AEF              70           1
        SFR22            00B00-00B6F              70           1
        SFR23            00B80-00BEF              70           1
        SFR24            00C00-00C6F              70           1
        SFR25            00C80-00CEF              70           1
        SFR26            00D00-00D6F              70           1
        SFR27            00D80-00DEF              70           1
        SFR28            00E00-00E6F              70           1
        SFR29            00E80-00EEF              70           1
        SFR3             00180-0019F              20           1
        SFR30            00F00-00F6F              70           1
        SFR31            00F80-00FEF              70           1
        SFR4             00200-0021F              20           1
        SFR5             00280-002EF              70           1
        SFR6             00300-0036F              70           1
        SFR7             00380-003EF              70           1
        SFR8             00400-0046F              70           1
        SFR9             00480-004EF              70           1
        STRCODE          00003-00003               1           2
                         00553-00FFF             AAD
        STRING           00003-00003               1           2
                         00553-00FFF             100

                                  Symbol Table

?___lmul                             cstackCOMMON 00070
?_readADCRaw                         cstackCOMMON 00070
?_readFilteredDutyPot                cstackCOMMON 0007B
?_readFilteredFreqPot                cstackCOMMON 0007B
_ADCON0                              (abs)        0009D
_ADCON0bits                          (abs)        0009D
_ADCON1                              (abs)        0009E
_ADRESH                              (abs)        0009C
_ADRESL                              (abs)        0009B
_ANSELA                              (abs)        0018C
_ANSELB                              (abs)        0018D
_APFCON0bits                         (abs)        0011D
_CCP1CON                             (abs)        00293
_CCP1CONbits                         (abs)        00293
_CCPR1L                              (abs)        00291
_INTCONbits                          (abs)        0000B
_LATA                                (abs)        0010C
_LATB                                (abs)        0010D
_OPTION_REG                          (abs)        00095
_OPTION_REGbits                      (abs)        00095
_OSCCONbits                          (abs)        00099
_PIE1bits                            (abs)        00091
_PORTA                               (abs)        0000C
_PORTB                               (abs)        0000D
_PR2                                 (abs)        0001B
_PSTR1CONbits                        (abs)        00296
_T2CONbits                           (abs)        0001C
_TRISA                               (abs)        0008C
_TRISB                               (abs)        0008D
_Tick980Hz                           intentry     00004
__Habs1                              abs1         00000
__Hbank0                             bank0        00000
__Hbank1                             bank1        00000
__Hbank10                            bank10       00000
__Hbank11                            bank11       00000
__Hbank12                            bank12       00000
__Hbank13                            bank13       00000
__Hbank14                            bank14       00000
__Hbank15                            bank15       00000
__Hbank16                            bank16       00000
__Hbank17                            bank17       00000
__Hbank18                            bank18       00000
__Hbank19                            bank19       00000
__Hbank2                             bank2        00000
__Hbank20                            bank20       00000
__Hbank21                            bank21       00000
__Hbank22                            bank22       00000
__Hbank23                            bank23       00000
__Hbank24                            bank24       00000
__Hbank25                            bank25       00000
__Hbank26                            bank26       00000
__Hbank27                            bank27       00000
__Hbank28                            bank28       00000
__Hbank29                            bank29       00000
__Hbank3                             bank3        00000
__Hbank30                            bank30       00000
__Hbank31                            bank31       00000
__Hbank4                             bank4        00000
__Hbank5                             bank5        00000
__Hbank6                             bank6        00000
__Hbank7                             bank7        00000
__Hbank8                             bank8        00000
__Hbank9                             bank9        00000
__Hbigram                            bigram       00000
__HbssBANK0                          bssBANK0     00000
__HbssBANK1                          bssBANK1     00000
__Hcinit                             cinit        0007D
__Hclrtext                           clrtext      00000
__Hcode                              code         00000
__Hcommon                            common       00000
__Hconfig                            config       08009
__HcstackBANK0                       cstackBANK0  00000
__HcstackCOMMON                      cstackCOMMON 00000
__Heeprom_data                       eeprom_data  00000
__Hend_init                          end_init     00069
__Hfunctab                           functab      00000
__Hheap                              heap         00000
__Hidloc                             idloc        08004
__Hinit                              init         00067
__Hintentry                          intentry     00067
__Hmaintext                          maintext     00000
__Hpowerup                           powerup      00000
__Hram                               ram          00000
__Hreset_vec                         reset_vec    00003
__Hsfr0                              sfr0         00000
__Hsfr1                              sfr1         00000
__Hsfr10                             sfr10        00000
__Hsfr11                             sfr11        00000
__Hsfr12                             sfr12        00000
__Hsfr13                             sfr13        00000
__Hsfr14                             sfr14        00000
__Hsfr15                             sfr15        00000
__Hsfr16                             sfr16        00000
__Hsfr17                             sfr17        00000
__Hsfr18                             sfr18        00000
__Hsfr19                             sfr19        00000
__Hsfr2                              sfr2         00000
__Hsfr20                             sfr20        00000
__Hsfr21                             sfr21        00000
__Hsfr22                             sfr22        00000
__Hsfr23                             sfr23        00000
__Hsfr24                             sfr24        00000
__Hsfr25                             sfr25        00000
__Hsfr26                             sfr26        00000
__Hsfr27                             sfr27        00000
__Hsfr28                             sfr28        00000
__Hsfr29                             sfr29        00000
__Hsfr3                              sfr3         00000
__Hsfr30                             sfr30        00000
__Hsfr31                             sfr31        00000
__Hsfr4                              sfr4         00000
__Hsfr5                              sfr5         00000
__Hsfr6                              sfr6         00000
__Hsfr7                              sfr7         00000
__Hsfr8                              sfr8         00000
__Hsfr9                              sfr9         00000
__Hspace_0                           (abs)        00553
__Hspace_1                           (abs)        000C0
__Hspace_2                           (abs)        00000
__Hspace_3                           (abs)        00000
__Hspace_4                           (abs)        10010
__Hstack                             stack        00000
__Hstrings                           strings      00000
__Hstringtext1                       stringtext1  00000
__Hstringtext2                       stringtext2  00000
__Htext                              text         00000
__Labs1                              abs1         00000
__Lbank0                             bank0        00000
__Lbank1                             bank1        00000
__Lbank10                            bank10       00000
__Lbank11                            bank11       00000
__Lbank12                            bank12       00000
__Lbank13                            bank13       00000
__Lbank14                            bank14       00000
__Lbank15                            bank15       00000
__Lbank16                            bank16       00000
__Lbank17                            bank17       00000
__Lbank18                            bank18       00000
__Lbank19                            bank19       00000
__Lbank2                             bank2        00000
__Lbank20                            bank20       00000
__Lbank21                            bank21       00000
__Lbank22                            bank22       00000
__Lbank23                            bank23       00000
__Lbank24                            bank24       00000
__Lbank25                            bank25       00000
__Lbank26                            bank26       00000
__Lbank27                            bank27       00000
__Lbank28                            bank28       00000
__Lbank29                            bank29       00000
__Lbank3                             bank3        00000
__Lbank30                            bank30       00000
__Lbank31                            bank31       00000
__Lbank4                             bank4        00000
__Lbank5                             bank5        00000
__Lbank6                             bank6        00000
__Lbank7                             bank7        00000
__Lbank8                             bank8        00000
__Lbank9                             bank9        00000
__Lbigram                            bigram       00000
__LbssBANK0                          bssBANK0     00000
__LbssBANK1                          bssBANK1     00000
__Lcinit                             cinit        00069
__Lclrtext                           clrtext      00000
__Lcode                              code         00000
__Lcommon                            common       00000
__Lconfig                            config       00000
__LcstackBANK0                       cstackBANK0  00000
__LcstackCOMMON                      cstackCOMMON 00000
__Leeprom_data                       eeprom_data  00000
__Lend_init                          end_init     00067
__Lfunctab                           functab      00000
__Lheap                              heap         00000
__Lidloc                             idloc        00000
__Linit                              init         00067
__Lintentry                          intentry     00004
__Lmaintext                          maintext     00000
__Lpowerup                           powerup      00000
__Lram                               ram          00000
__Lreset_vec                         reset_vec    00000
__Lsfr0                              sfr0         00000
__Lsfr1                              sfr1         00000
__Lsfr10                             sfr10        00000
__Lsfr11                             sfr11        00000
__Lsfr12                             sfr12        00000
__Lsfr13                             sfr13        00000
__Lsfr14                             sfr14        00000
__Lsfr15                             sfr15        00000
__Lsfr16                             sfr16        00000
__Lsfr17                             sfr17        00000
__Lsfr18                             sfr18        00000
__Lsfr19                             sfr19        00000
__Lsfr2                              sfr2         00000
__Lsfr20                             sfr20        00000
__Lsfr21                             sfr21        00000
__Lsfr22                             sfr22        00000
__Lsfr23                             sfr23        00000
__Lsfr24                             sfr24        00000
__Lsfr25                             sfr25        00000
__Lsfr26                             sfr26        00000
__Lsfr27                             sfr27        00000
__Lsfr28                             sfr28        00000
__Lsfr29                             sfr29        00000
__Lsfr3                              sfr3         00000
__Lsfr30                             sfr30        00000
__Lsfr31                             sfr31        00000
__Lsfr4                              sfr4         00000
__Lsfr5                              sfr5         00000
__Lsfr6                              sfr6         00000
__Lsfr7                              sfr7         00000
__Lsfr8                              sfr8         00000
__Lsfr9                              sfr9         00000
__Lspace_0                           (abs)        00000
__Lspace_1                           (abs)        00000
__Lspace_2                           (abs)        00000
__Lspace_3                           (abs)        00000
__Lspace_4                           (abs)        00000
__Lstack                             stack        00000
__Lstrings                           strings      00000
__Lstringtext1                       stringtext1  00000
__Lstringtext2                       stringtext2  00000
__Ltext                              text         00000
__S0                                 (abs)        00553
__S1                                 (abs)        000C0
__S3                                 (abs)        00000
___heap_hi                           (abs)        00000
___heap_lo                           (abs)        00000
___int_sp                            stack        00000
___latbits                           (abs)        00001
___lmul                              text13       0046C
___lmul@multiplicand                 cstackCOMMON 00074
___lmul@multiplier                   cstackCOMMON 00070
___lmul@product                      cstackCOMMON 00078
___sp                                stack        00000
___stackhi                           (abs)        00000
___stacklo                           (abs)        00000
__end_of_Tick980Hz                   intentry     00067
__end_of___lmul                      text13       0049F
__end_of__initialization             cinit        00079
__end_of_currentTripRead             text17       00515
__end_of_initialiseADCModule         text8        00553
__end_of_initialiseADCPin            text5        002B3
__end_of_initialiseCurrentSensors    text6        00536
__end_of_initialiseGPIO              text7        001D4
__end_of_initialisePotentiometers    text4        0053F
__end_of_main                        maintext     004E6
__end_of_readADCRaw                  text16       00315
__end_of_readFilteredDutyPot         text15       003CC
__end_of_readFilteredFreqPot         text14       00423
__end_of_readGPIO                    text18       0046C
__end_of_runPotScaling               text11       00249
__end_of_setPWMDutyandPeriod         text12       004CA
__end_of_setupInternalOscillator     text3        00158
__end_of_setupPWM                    text2        004FE
__end_of_setupTimer0Interrupt        text1        00547
__end_of_writeGPIO                   text10       00374
__initialization                     cinit        00069
__pbssBANK0                          bssBANK0     00020
__pbssBANK1                          bssBANK1     000A0
__pcstackBANK0                       cstackBANK0  00052
__pcstackCOMMON                      cstackCOMMON 00070
__pintentry                          intentry     00004
__pmaintext                          maintext     004CA
__pstringtext1                       stringtext1  00515
__pstringtext2                       stringtext2  00000
__ptext1                             text1        0053F
__ptext10                            text10       00315
__ptext11                            text11       001D4
__ptext12                            text12       0049F
__ptext13                            text13       0046C
__ptext14                            text14       003CC
__ptext15                            text15       00374
__ptext16                            text16       002B3
__ptext17                            text17       004FE
__ptext18                            text18       00423
__ptext2                             text2        004E6
__ptext3                             text3        0007D
__ptext4                             text4        00536
__ptext5                             text5        00249
__ptext6                             text6        00527
__ptext7                             text7        00158
__ptext8                             text8        0054D
_clockFrequency                      bssBANK0     00040
_currentTripRead                     text17       004FE
_currentTripRead$672                 cstackCOMMON 00076
_dutyPotFIFO                         bssBANK1     000A0
_emergencyStop                       bssBANK0     0004C
_filteredDutyPot                     bssBANK0     00044
_filteredFreqPot                     bssBANK0     00046
_freqPotFIFO                         bssBANK0     00020
_initialiseADCModule                 text8        0054D
_initialiseADCPin                    text5        00249
_initialiseCurrentSensors            text6        00527
_initialiseGPIO                      text7        00158
_initialisePotentiometers            text4        00536
_main                                maintext     004CA
_potSetCount                         bssBANK0     0004F
_readADCRaw                          text16       002B3
_readFilteredDutyPot                 text15       00374
_readFilteredFreqPot                 text14       003CC
_readGPIO                            text18       00423
_runPotScaling                       text11       001D4
_setDuty                             bssBANK0     0004A
_setPWMDutyandPeriod                 text12       0049F
_setPeriod                           bssBANK0     00051
_setupInternalOscillator             text3        0007D
_setupPWM                            text2        004E6
_setupTimer0Interrupt                text1        0053F
_timerSlotHalf                       bssBANK0     0004E
_timerSlotQuarter                    bssBANK0     0004D
_writeGPIO                           text10       00315
btemp                                (abs)        0007E
clear_ram0                           clrtext      00547
end_of_initialization                cinit        00079
initialiseADCPin@gpioNumber          cstackBANK0  00061
initialiseADCPin@gpioValid           cstackBANK0  0005E
initialiseADCPin@portNumber          cstackBANK0  00060
initialiseADCPin@portType            cstackBANK0  0005F
initialiseGPIO@direction             cstackBANK0  0005C
initialiseGPIO@gpioNumber            cstackBANK0  00060
initialiseGPIO@portNumber            cstackBANK0  00061
initialiseGPIO@portType              cstackBANK0  0005F
int$flags                            (abs)        0007E
intlevel0                            functab      00000
intlevel1                            functab      00000
intlevel2                            functab      00000
intlevel3                            functab      00000
intlevel4                            functab      00000
intlevel5                            functab      00000
readADCRaw@channel                   cstackCOMMON 00076
readADCRaw@gpioNumber                cstackCOMMON 0007A
readADCRaw@gpioValid                 cstackCOMMON 00077
readADCRaw@i                         cstackCOMMON 00078
readADCRaw@i_556                     cstackCOMMON 00079
readADCRaw@returnValue               cstackCOMMON 00074
readFilteredDutyPot@i                cstackBANK0  0005B
readFilteredDutyPot@i_638            cstackBANK0  0005A
readFilteredDutyPot@sumOfSamples     cstackBANK0  00056
readFilteredFreqPot@i                cstackBANK0  0005B
readFilteredFreqPot@i_642            cstackBANK0  0005A
readFilteredFreqPot@sumOfSamples     cstackBANK0  00056
readGPIO@gpioNumber                  cstackCOMMON 00074
readGPIO@portNumber                  cstackCOMMON 00075
readGPIO@portType                    cstackCOMMON 00073
reset_vec                            reset_vec    00000
runPotScaling@check1                 cstackBANK0  00057
setPWMDutyandPeriod@dutyCycle        cstackCOMMON 00070
setPWMDutyandPeriod@period           cstackCOMMON 00072
setupInternalOscillator@selectedFreq cstackBANK0  0005E
start                                init         00067
start_initialization                 cinit        00069
writeGPIO@gpioNumber                 cstackCOMMON 00074
writeGPIO@portNumber                 cstackCOMMON 00075
writeGPIO@portType                   cstackCOMMON 00073
writeGPIO@writeValue                 cstackCOMMON 00070
wtemp0                               (abs)        0007E


MODULE INFORMATION

Module		Function		Class		Link	Load	Size
C:\Program Files\Microchip\xc8\v2.36\pic\sources\c99\common\Umul32.c
		___lmul        		CODE           	046C	0000	51

C:\Program Files\Microchip\xc8\v2.36\pic\sources\c99\common\Umul32.c estimated size: 51

CurrentSensor.c
		_initialiseCurrentSensors		CODE           	0527	0000	15
		_currentTripRead		CODE           	04FE	0000	23

CurrentSensor.c estimated size: 38

PWM.c
		_setupPWM      		CODE           	04E6	0000	24
		_setPWMDutyandPeriod		CODE           	049F	0000	43

PWM.c estimated size: 67

shared
		__initialization		CODE           	0069	0000	16

shared estimated size: 16

ADC.c
		_initialiseADCModule		CODE           	054D	0000	6
		_initialiseADCPin		CODE           	0249	0000	106
		_readADCRaw    		CODE           	02B3	0000	98

ADC.c estimated size: 210

GPIO.c
		_writeGPIO     		CODE           	0315	0000	95
		_readGPIO      		CODE           	0423	0000	73
		_initialiseGPIO		CODE           	0158	0000	124

GPIO.c estimated size: 292

Timer0.c
		_setupTimer0Interrupt		CODE           	053F	0000	8

Timer0.c estimated size: 8

main.c
		_main          		CODE           	04CA	0000	28
		_setupInternalOscillator		CODE           	007D	0000	219
		_Tick980Hz     		CODE           	0004	0000	99

main.c estimated size: 346

Potentiometer.c
		_readFilteredFreqPot		CODE           	03CC	0000	87
		_readFilteredDutyPot		CODE           	0374	0000	88
		_runPotScaling 		CODE           	01D4	0000	117
		_initialisePotentiometers		CODE           	0536	0000	9

Potentiometer.c estimated size: 301

