Microchip MPLAB XC8 Compiler V2.36

Linker command line:

-W-3 --edf=C:\Program Files\Microchip\xc8\v2.36\pic\dat\en_msgs.txt -cn \
  -h+dist/default/production\BuckMsCProject.X.production.sym \
  --cmf=dist/default/production\BuckMsCProject.X.production.cmf -z \
  -Q16F1827 -oC:\Users\B6028443\AppData\Local\Temp\xcAsgck.4 \
  --defsym=__MPLAB_BUILD=1 \
  -Mdist/default/production/BuckMsCProject.X.production.map \
  --md=C:\Users\B6028443\AppData\Local\Temp\xcAsgck.dat -E1 \
  -ver=XC8 Compiler --acfsm=1493 -ACODE=00h-07FFhx2 -ASTRCODE=00h-0FFFh \
  -ASTRING=00h-0FFhx16 -ACONST=00h-0FFhx16 -AENTRY=00h-0FFhx16 \
  -ACOMMON=070h-07Fh -ABANK0=020h-06Fh -ABANK1=0A0h-0EFh \
  -ABANK2=0120h-016Fh -ABANK3=01A0h-01EFh -ABANK4=0220h-024Fh \
  -ABIGRAM=02000h-0216Fh \
  -ARAM=020h-06Fh,0A0h-0EFh,0120h-016Fh,01A0h-01EFh,0220h-024Fh \
  -AABS1=020h-07Fh,0A0h-0EFh,0120h-016Fh,01A0h-01EFh,0220h-024Fh \
  -ASFR0=00h-01Fh -ASFR1=080h-09Fh -ASFR2=0100h-011Fh -ASFR3=0180h-019Fh \
  -ASFR4=0200h-021Fh -ASFR5=0280h-02EFh -ASFR6=0300h-036Fh \
  -ASFR7=0380h-03EFh -ASFR8=0400h-046Fh -ASFR9=0480h-04EFh \
  -ASFR10=0500h-056Fh -ASFR11=0580h-05EFh -ASFR12=0600h-066Fh \
  -ASFR13=0680h-06EFh -ASFR14=0700h-076Fh -ASFR15=0780h-07EFh \
  -ASFR16=0800h-086Fh -ASFR17=0880h-08EFh -ASFR18=0900h-096Fh \
  -ASFR19=0980h-09EFh -ASFR20=0A00h-0A6Fh -ASFR21=0A80h-0AEFh \
  -ASFR22=0B00h-0B6Fh -ASFR23=0B80h-0BEFh -ASFR24=0C00h-0C6Fh \
  -ASFR25=0C80h-0CEFh -ASFR26=0D00h-0D6Fh -ASFR27=0D80h-0DEFh \
  -ASFR28=0E00h-0E6Fh -ASFR29=0E80h-0EEFh -ASFR30=0F00h-0F6Fh \
  -ASFR31=0F80h-0FEFh -ACONFIG=08007h-08008h -DCONFIG=2 \
  -AIDLOC=08000h-08003h -DIDLOC=2 -AEEDATA=00h-0FFh/0F000h \
  -peeprom_data=EEDATA -DEEDATA=2 -DCODE=2 -DSTRCODE=2 -DSTRING=2 -DCONST=2 \
  -DENTRY=2 -preset_vec=00h,intentry=04h,init,end_init -ppowerup=CODE \
  -pcinit=CODE -pfunctab=ENTRY -k \
  C:\Users\B6028443\AppData\Local\Temp\xcAsgck.o \
  dist/default/production\BuckMsCProject.X.production.o 

Object code version is 3.11

Machine type is 16F1827



                Name                               Link     Load   Length Selector   Space Scale
C:\Users\B6028443\AppData\Local\Temp\xcAsgck.o
                end_init                             9D       9D        2        8       0
                reset_vec                             0        0        2        0       0
                config                             8007     8007        2        0       4
                idloc                              8000     8000        4        0       5
dist/default/production\BuckMsCProject.X.production.o
                cinit                                9F       9F       2C        8       0
                intentry                              4        4       99        8       0
                config                             8007     8007        2        0       4
                idloc                              8000     8000        4        0       5
                text39                              EEF      EEF       5B     1DDE       0
                text38                              CDC      CDC       1F     19B8       0
                text37                              C8C      C8C       1A     1918       0
                text36                              C3F      C3F        9     187E       0
                text35                              EA3      EA3       4C     1D46       0
                text34                              CA6      CA6       1A     194C       0
                text33                              DA2      DA2       33     1B44       0
                text32                              DD5      DD5       3D     1BAA       0
                text31                              E12      E12       47     1C24       0
                text30                               CB       CB      1E4        8       0
                text29                              2AF      2AF       FA        8       0
                text28                              D46      D46       2D     1A8C       0
                text27                              628      628       65        8       0
                text26                              F4A      F4A       5B     1E94       0
                text25                              FA5      FA5       5B     1F4A       0
                text24                              7A7      7A7       58        8       0
                text23                              74C      74C       5B        8       0
                text22                              C5A      C5A        C     18B4       0
                text21                              3A9      3A9       DE        8       0
                text20                              D1B      D1B       2B     1A36       0
                text19                              C48      C48        9     1890       0
                text18                              6ED      6ED       5F        8       0
                text17                              C66      C66        C     18CC       0
                text15                              C1D      C1D        6     183A       0
                text14                              5C2      5C2       66        8       0
                text13                              54C      54C       76        8       0
                text12                              C72      C72        C     18E4       0
                text11                              68D      68D       60        8       0
                text10                              C7E      C7E        E     18FC       0
                text9                               CFB      CFB       20     19F6       0
                text8                               C51      C51        9     18A2       0
                text7                               E59      E59       4A     1CB2       0
                text6                               487      487       C5        8       0
                text5                               CC0      CC0       1C     1980       0
                text4                               C37      C37        8     186E       0
                text3                               C29      C29        7     1852       0
                text2                               C19      C19        4     1832       0
                text1                               C30      C30        7     1860       0
                maintext                            D73      D73       2F     1AE6       0
                cstackBANK0                          20       20       3D       20       1
                cstackCOMMON                         70       70        E       70       1
                cstackBANK1                          E2       E2        D       A0       1
                clrtext                             C23      C23        6     1846       0
                bssBANK4                            220      220       20      220       1
                bssBANK3                            1A0      1A0       40      1A0       1
                bssBANK2                            120      120       40      120       1
                bssBANK1                             A0       A0       42       A0       1
                bssBANK0                             5D       5D       13       20       1
                stringtext2                         811      811       10      FFE       0
                stringtext1                         7FF      7FF       12      FFE       0

TOTAL           Name                               Link     Load   Length     Space
        CLASS   CODE           
                end_init                             9D       9D        2         0
                cinit                                9F       9F       2C         0
                intentry                              4        4       99         0
                reset_vec                             0        0        2         0
                text39                              EEF      EEF       5B         0
                text38                              CDC      CDC       1F         0
                text37                              C8C      C8C       1A         0
                text36                              C3F      C3F        9         0
                text35                              EA3      EA3       4C         0
                text34                              CA6      CA6       1A         0
                text33                              DA2      DA2       33         0
                text32                              DD5      DD5       3D         0
                text31                              E12      E12       47         0
                text30                               CB       CB      1E4         0
                text29                              2AF      2AF       FA         0
                text28                              D46      D46       2D         0
                text27                              628      628       65         0
                text26                              F4A      F4A       5B         0
                text25                              FA5      FA5       5B         0
                text24                              7A7      7A7       58         0
                text23                              74C      74C       5B         0
                text22                              C5A      C5A        C         0
                text21                              3A9      3A9       DE         0
                text20                              D1B      D1B       2B         0
                text19                              C48      C48        9         0
                text18                              6ED      6ED       5F         0
                text17                              C66      C66        C         0
                text15                              C1D      C1D        6         0
                text14                              5C2      5C2       66         0
                text13                              54C      54C       76         0
                text12                              C72      C72        C         0
                text11                              68D      68D       60         0
                text10                              C7E      C7E        E         0
                text9                               CFB      CFB       20         0
                text8                               C51      C51        9         0
                text7                               E59      E59       4A         0
                text6                               487      487       C5         0
                text5                               CC0      CC0       1C         0
                text4                               C37      C37        8         0
                text3                               C29      C29        7         0
                text2                               C19      C19        4         0
                text1                               C30      C30        7         0
                maintext                            D73      D73       2F         0
                clrtext                             C23      C23        6         0

        CLASS   STRCODE        
                stringtext2                         811      811       10         0
                stringtext1                         7FF      7FF       12         0

        CLASS   STRING         

        CLASS   CONST          

        CLASS   ENTRY          

        CLASS   COMMON         
                cstackCOMMON                         70       70        E         1

        CLASS   BANK0          
                cstackBANK0                          20       20       3D         1
                bssBANK0                             5D       5D       13         1

        CLASS   BANK1          
                cstackBANK1                          E2       E2        D         1
                bssBANK1                             A0       A0       42         1

        CLASS   BANK2          
                bssBANK2                            120      120       40         1

        CLASS   BANK3          
                bssBANK3                            1A0      1A0       40         1

        CLASS   BANK4          
                bssBANK4                            220      220       20         1

        CLASS   BIGRAM         

        CLASS   RAM            

        CLASS   ABS1           
                abs_s1                               7E       7E        2         1

        CLASS   SFR0           

        CLASS   SFR1           

        CLASS   SFR2           

        CLASS   SFR3           

        CLASS   SFR4           

        CLASS   SFR5           

        CLASS   SFR6           

        CLASS   SFR7           

        CLASS   SFR8           

        CLASS   SFR9           

        CLASS   SFR10          

        CLASS   SFR11          

        CLASS   SFR12          

        CLASS   SFR13          

        CLASS   SFR14          

        CLASS   SFR15          

        CLASS   SFR16          

        CLASS   SFR17          

        CLASS   SFR18          

        CLASS   SFR19          

        CLASS   SFR20          

        CLASS   SFR21          

        CLASS   SFR22          

        CLASS   SFR23          

        CLASS   SFR24          

        CLASS   SFR25          

        CLASS   SFR26          

        CLASS   SFR27          

        CLASS   SFR28          

        CLASS   SFR29          

        CLASS   SFR30          

        CLASS   SFR31          

        CLASS   CONFIG         
                config                             8007     8007        2         4

        CLASS   IDLOC          
                idloc                              8000     8000        4         5

        CLASS   EEDATA         

        CLASS   BANK31         

        CLASS   BANK30         

        CLASS   BANK29         

        CLASS   BANK28         

        CLASS   BANK27         

        CLASS   BANK26         

        CLASS   BANK25         

        CLASS   BANK24         

        CLASS   BANK23         

        CLASS   BANK22         

        CLASS   BANK21         

        CLASS   BANK20         

        CLASS   BANK19         

        CLASS   BANK18         

        CLASS   BANK17         

        CLASS   BANK16         

        CLASS   BANK15         

        CLASS   BANK14         

        CLASS   BANK13         

        CLASS   BANK12         

        CLASS   BANK11         

        CLASS   BANK10         

        CLASS   BANK9          

        CLASS   BANK8          

        CLASS   BANK7          

        CLASS   BANK6          

        CLASS   BANK5          

        CLASS   HEAP           

        CLASS   STACK          



SEGMENTS        Name                           Load    Length   Top    Selector   Space  Class     Delta

                reset_vec                      000000  000002  000002         0       0  CODE        2
                intentry                       000004  0007FB  0007FF         8       0  CODE        2
                cstackBANK0                    000020  000050  000070        20       1  BANK0       1
                cstackCOMMON                   000070  00000E  00007E        70       1  COMMON      1
                bssBANK1                       0000A0  00004F  0000EF        A0       1  BANK1       1
                bssBANK2                       000120  000040  000160       120       1  BANK2       1
                bssBANK3                       0001A0  000040  0001E0       1A0       1  BANK3       1
                bssBANK4                       000220  000020  000240       220       1  BANK4       1
                stringtext1                    0007FF  000022  000821       FFE       0  STRCODE     2
                text2                          000C19  000004  000C1D      1832       0  CODE        2
                text15                         000C1D  000006  000C23      183A       0  CODE        2
                clrtext                        000C23  000006  000C29      1846       0  CODE        2
                text3                          000C29  000007  000C30      1852       0  CODE        2
                text1                          000C30  000007  000C37      1860       0  CODE        2
                text4                          000C37  000008  000C3F      186E       0  CODE        2
                text36                         000C3F  000009  000C48      187E       0  CODE        2
                text19                         000C48  000009  000C51      1890       0  CODE        2
                text8                          000C51  000009  000C5A      18A2       0  CODE        2
                text22                         000C5A  00000C  000C66      18B4       0  CODE        2
                text17                         000C66  00000C  000C72      18CC       0  CODE        2
                text12                         000C72  00000C  000C7E      18E4       0  CODE        2
                text10                         000C7E  00000E  000C8C      18FC       0  CODE        2
                text37                         000C8C  00001A  000CA6      1918       0  CODE        2
                text34                         000CA6  00001A  000CC0      194C       0  CODE        2
                text5                          000CC0  00001C  000CDC      1980       0  CODE        2
                text38                         000CDC  00001F  000CFB      19B8       0  CODE        2
                text9                          000CFB  000020  000D1B      19F6       0  CODE        2
                text20                         000D1B  00002B  000D46      1A36       0  CODE        2
                text28                         000D46  00002D  000D73      1A8C       0  CODE        2
                maintext                       000D73  00002F  000DA2      1AE6       0  CODE        2
                text33                         000DA2  000033  000DD5      1B44       0  CODE        2
                text32                         000DD5  00003D  000E12      1BAA       0  CODE        2
                text31                         000E12  000047  000E59      1C24       0  CODE        2
                text7                          000E59  00004A  000EA3      1CB2       0  CODE        2
                text35                         000EA3  00004C  000EEF      1D46       0  CODE        2
                text39                         000EEF  00005B  000F4A      1DDE       0  CODE        2
                text26                         000F4A  00005B  000FA5      1E94       0  CODE        2
                text25                         000FA5  00005B  001000      1F4A       0  CODE        2


UNUSED ADDRESS RANGES

        Name                Unused          Largest block    Delta
        BANK1            000EF-000EF               1           1
        BANK2            00160-0016F              10           1
        BANK3            001E0-001EF              10           1
        BANK4            00240-0024F              10           1
        BIGRAM           02000-0216F             170           1
        CODE             00002-00003               2           2
                         00821-00C18             3F8
        CONST            00002-00003               2           2
                         00821-00C18             100
        EEDATA           0F000-0F0FF             100           2
        ENTRY            00002-00003               2           2
                         00821-00C18             100
        RAM              000EF-000EF               1           1
                         00160-0016F              10
                         001E0-001EF              10
                         00240-0024F              10
        SFR0             00000-0001F              20           1
        SFR1             00080-0009F              20           1
        SFR10            00500-0056F              70           1
        SFR11            00580-005EF              70           1
        SFR12            00600-0066F              70           1
        SFR13            00680-006EF              70           1
        SFR14            00700-0076F              70           1
        SFR15            00780-007EF              70           1
        SFR16            00800-0086F              70           1
        SFR17            00880-008EF              70           1
        SFR18            00900-0096F              70           1
        SFR19            00980-009EF              70           1
        SFR2             00100-0011F              20           1
        SFR20            00A00-00A6F              70           1
        SFR21            00A80-00AEF              70           1
        SFR22            00B00-00B6F              70           1
        SFR23            00B80-00BEF              70           1
        SFR24            00C00-00C6F              70           1
        SFR25            00C80-00CEF              70           1
        SFR26            00D00-00D6F              70           1
        SFR27            00D80-00DEF              70           1
        SFR28            00E00-00E6F              70           1
        SFR29            00E80-00EEF              70           1
        SFR3             00180-0019F              20           1
        SFR30            00F00-00F6F              70           1
        SFR31            00F80-00FEF              70           1
        SFR4             00200-0021F              20           1
        SFR5             00280-002EF              70           1
        SFR6             00300-0036F              70           1
        SFR7             00380-003EF              70           1
        SFR8             00400-0046F              70           1
        SFR9             00480-004EF              70           1
        STRCODE          00002-00003               2           2
                         00821-00C18             3F8
        STRING           00002-00003               2           2
                         00821-00C18             100

                                  Symbol Table

?___lldiv                            cstackCOMMON 00076
?___lmul                             cstackCOMMON 00070
?___omul                             cstackBANK0  00020
?___wmul                             cstackCOMMON 00070
?_abs                                cstackCOMMON 00070
?_convertRawToMilliAmps              cstackCOMMON 00076
?_convertRawToMilliVolts             cstackCOMMON 0007C
?_readADCRaw                         cstackCOMMON 00070
?_readFilteredDutyPot                cstackCOMMON 0007B
?_readFilteredFreqPot                cstackCOMMON 0007B
?_readFilteredIL                     cstackCOMMON 00070
?_readFilteredVout                   cstackCOMMON 0007B
?_readILCurrentADCRaw                cstackCOMMON 00070
_ADCON0                              (abs)        0009D
_ADCON0bits                          (abs)        0009D
_ADCON1                              (abs)        0009E
_ADRESH                              (abs)        0009C
_ADRESL                              (abs)        0009B
_ANSELA                              (abs)        0018C
_ANSELB                              (abs)        0018D
_APFCON0bits                         (abs)        0011D
_CCP1CON                             (abs)        00293
_CCP1CONbits                         (abs)        00293
_CCPR1L                              (abs)        00291
_INTCONbits                          (abs)        0000B
_LATA                                (abs)        0010C
_LATB                                (abs)        0010D
_OPTION_REG                          (abs)        00095
_OPTION_REGbits                      (abs)        00095
_OSCCONbits                          (abs)        00099
_PIE1bits                            (abs)        00091
_PIR1bits                            (abs)        00011
_PORTA                               (abs)        0000C
_PORTB                               (abs)        0000D
_PR2                                 (abs)        0001B
_PSTR1CONbits                        (abs)        00296
_T2CONbits                           (abs)        0001C
_TRISA                               (abs)        0008C
_TRISB                               (abs)        0008D
_Tick980Hz                           intentry     00004
__Habs1                              abs1         00000
__Hbank0                             bank0        00000
__Hbank1                             bank1        00000
__Hbank10                            bank10       00000
__Hbank11                            bank11       00000
__Hbank12                            bank12       00000
__Hbank13                            bank13       00000
__Hbank14                            bank14       00000
__Hbank15                            bank15       00000
__Hbank16                            bank16       00000
__Hbank17                            bank17       00000
__Hbank18                            bank18       00000
__Hbank19                            bank19       00000
__Hbank2                             bank2        00000
__Hbank20                            bank20       00000
__Hbank21                            bank21       00000
__Hbank22                            bank22       00000
__Hbank23                            bank23       00000
__Hbank24                            bank24       00000
__Hbank25                            bank25       00000
__Hbank26                            bank26       00000
__Hbank27                            bank27       00000
__Hbank28                            bank28       00000
__Hbank29                            bank29       00000
__Hbank3                             bank3        00000
__Hbank30                            bank30       00000
__Hbank31                            bank31       00000
__Hbank4                             bank4        00000
__Hbank5                             bank5        00000
__Hbank6                             bank6        00000
__Hbank7                             bank7        00000
__Hbank8                             bank8        00000
__Hbank9                             bank9        00000
__Hbigram                            bigram       00000
__HbssBANK0                          bssBANK0     00000
__HbssBANK1                          bssBANK1     00000
__HbssBANK2                          bssBANK2     00000
__HbssBANK3                          bssBANK3     00000
__HbssBANK4                          bssBANK4     00000
__Hcinit                             cinit        000CB
__Hclrtext                           clrtext      00000
__Hcode                              code         00000
__Hcommon                            common       00000
__Hconfig                            config       08009
__HcstackBANK0                       cstackBANK0  00000
__HcstackBANK1                       cstackBANK1  00000
__HcstackCOMMON                      cstackCOMMON 00000
__Heeprom_data                       eeprom_data  00000
__Hend_init                          end_init     0009F
__Hfunctab                           functab      00000
__Hheap                              heap         00000
__Hidloc                             idloc        08004
__Hinit                              init         0009D
__Hintentry                          intentry     0009D
__Hmaintext                          maintext     00000
__Hpowerup                           powerup      00000
__Hram                               ram          00000
__Hreset_vec                         reset_vec    00002
__Hsfr0                              sfr0         00000
__Hsfr1                              sfr1         00000
__Hsfr10                             sfr10        00000
__Hsfr11                             sfr11        00000
__Hsfr12                             sfr12        00000
__Hsfr13                             sfr13        00000
__Hsfr14                             sfr14        00000
__Hsfr15                             sfr15        00000
__Hsfr16                             sfr16        00000
__Hsfr17                             sfr17        00000
__Hsfr18                             sfr18        00000
__Hsfr19                             sfr19        00000
__Hsfr2                              sfr2         00000
__Hsfr20                             sfr20        00000
__Hsfr21                             sfr21        00000
__Hsfr22                             sfr22        00000
__Hsfr23                             sfr23        00000
__Hsfr24                             sfr24        00000
__Hsfr25                             sfr25        00000
__Hsfr26                             sfr26        00000
__Hsfr27                             sfr27        00000
__Hsfr28                             sfr28        00000
__Hsfr29                             sfr29        00000
__Hsfr3                              sfr3         00000
__Hsfr30                             sfr30        00000
__Hsfr31                             sfr31        00000
__Hsfr4                              sfr4         00000
__Hsfr5                              sfr5         00000
__Hsfr6                              sfr6         00000
__Hsfr7                              sfr7         00000
__Hsfr8                              sfr8         00000
__Hsfr9                              sfr9         00000
__Hspace_0                           (abs)        01000
__Hspace_1                           (abs)        00240
__Hspace_2                           (abs)        00000
__Hspace_3                           (abs)        00000
__Hspace_4                           (abs)        10010
__Hstack                             stack        00000
__Hstrings                           strings      00000
__Hstringtext1                       stringtext1  00000
__Hstringtext2                       stringtext2  00000
__Hstringtext3                       stringtext3  00000
__Htext                              text         00000
__Labs1                              abs1         00000
__Lbank0                             bank0        00000
__Lbank1                             bank1        00000
__Lbank10                            bank10       00000
__Lbank11                            bank11       00000
__Lbank12                            bank12       00000
__Lbank13                            bank13       00000
__Lbank14                            bank14       00000
__Lbank15                            bank15       00000
__Lbank16                            bank16       00000
__Lbank17                            bank17       00000
__Lbank18                            bank18       00000
__Lbank19                            bank19       00000
__Lbank2                             bank2        00000
__Lbank20                            bank20       00000
__Lbank21                            bank21       00000
__Lbank22                            bank22       00000
__Lbank23                            bank23       00000
__Lbank24                            bank24       00000
__Lbank25                            bank25       00000
__Lbank26                            bank26       00000
__Lbank27                            bank27       00000
__Lbank28                            bank28       00000
__Lbank29                            bank29       00000
__Lbank3                             bank3        00000
__Lbank30                            bank30       00000
__Lbank31                            bank31       00000
__Lbank4                             bank4        00000
__Lbank5                             bank5        00000
__Lbank6                             bank6        00000
__Lbank7                             bank7        00000
__Lbank8                             bank8        00000
__Lbank9                             bank9        00000
__Lbigram                            bigram       00000
__LbssBANK0                          bssBANK0     00000
__LbssBANK1                          bssBANK1     00000
__LbssBANK2                          bssBANK2     00000
__LbssBANK3                          bssBANK3     00000
__LbssBANK4                          bssBANK4     00000
__Lcinit                             cinit        0009F
__Lclrtext                           clrtext      00000
__Lcode                              code         00000
__Lcommon                            common       00000
__Lconfig                            config       00000
__LcstackBANK0                       cstackBANK0  00000
__LcstackBANK1                       cstackBANK1  00000
__LcstackCOMMON                      cstackCOMMON 00000
__Leeprom_data                       eeprom_data  00000
__Lend_init                          end_init     0009D
__Lfunctab                           functab      00000
__Lheap                              heap         00000
__Lidloc                             idloc        00000
__Linit                              init         0009D
__Lintentry                          intentry     00004
__Lmaintext                          maintext     00000
__Lpowerup                           powerup      00000
__Lram                               ram          00000
__Lreset_vec                         reset_vec    00000
__Lsfr0                              sfr0         00000
__Lsfr1                              sfr1         00000
__Lsfr10                             sfr10        00000
__Lsfr11                             sfr11        00000
__Lsfr12                             sfr12        00000
__Lsfr13                             sfr13        00000
__Lsfr14                             sfr14        00000
__Lsfr15                             sfr15        00000
__Lsfr16                             sfr16        00000
__Lsfr17                             sfr17        00000
__Lsfr18                             sfr18        00000
__Lsfr19                             sfr19        00000
__Lsfr2                              sfr2         00000
__Lsfr20                             sfr20        00000
__Lsfr21                             sfr21        00000
__Lsfr22                             sfr22        00000
__Lsfr23                             sfr23        00000
__Lsfr24                             sfr24        00000
__Lsfr25                             sfr25        00000
__Lsfr26                             sfr26        00000
__Lsfr27                             sfr27        00000
__Lsfr28                             sfr28        00000
__Lsfr29                             sfr29        00000
__Lsfr3                              sfr3         00000
__Lsfr30                             sfr30        00000
__Lsfr31                             sfr31        00000
__Lsfr4                              sfr4         00000
__Lsfr5                              sfr5         00000
__Lsfr6                              sfr6         00000
__Lsfr7                              sfr7         00000
__Lsfr8                              sfr8         00000
__Lsfr9                              sfr9         00000
__Lspace_0                           (abs)        00000
__Lspace_1                           (abs)        00000
__Lspace_2                           (abs)        00000
__Lspace_3                           (abs)        00000
__Lspace_4                           (abs)        00000
__Lstack                             stack        00000
__Lstrings                           strings      00000
__Lstringtext1                       stringtext1  00000
__Lstringtext2                       stringtext2  00000
__Lstringtext3                       stringtext3  00000
__Ltext                              text         00000
__S0                                 (abs)        01000
__S1                                 (abs)        00240
__S3                                 (abs)        00000
___heap_hi                           (abs)        00000
___heap_lo                           (abs)        00000
___int_sp                            stack        00000
___latbits                           (abs)        00001
___lldiv                             text39       00EEF
___lldiv@counter                     cstackBANK0  00025
___lldiv@dividend                    cstackCOMMON 0007A
___lldiv@divisor                     cstackCOMMON 00076
___lldiv@quotient                    cstackBANK0  00021
___lmul                              text33       00DA2
___lmul@multiplicand                 cstackCOMMON 00074
___lmul@multiplier                   cstackCOMMON 00070
___lmul@product                      cstackCOMMON 00078
___omul                              text35       00EA3
___omul@multiplicand                 cstackBANK0  00028
___omul@multiplier                   cstackBANK0  00020
___omul@product                      cstackCOMMON 00071
___sp                                stack        00000
___stackhi                           (abs)        00000
___stacklo                           (abs)        00000
___wmul                              text38       00CDC
___wmul@multiplicand                 cstackCOMMON 00072
___wmul@multiplier                   cstackCOMMON 00070
___wmul@product                      cstackCOMMON 00074
__end_of_Tick980Hz                   intentry     0009D
__end_of___lldiv                     text39       00F4A
__end_of___lmul                      text33       00DD5
__end_of___omul                      text35       00EEF
__end_of___wmul                      text38       00CFB
__end_of__initialization             cinit        000C7
__end_of_abs                         text34       00CC0
__end_of_controlRoutine              text29       003A9
__end_of_convertRawToMilliAmps       text37       00CA6
__end_of_convertRawToMilliVolts      text32       00E12
__end_of_currentTripRead             text28       00D73
__end_of_currentTripReset            text10       00C8C
__end_of_initialiseADCModule         text15       00C23
__end_of_initialiseADCPin            text14       00628
__end_of_initialiseController        text12       00C7E
__end_of_initialiseCurrentSensors    text9        00D1B
__end_of_initialiseGPIO              text13       005C2
__end_of_initialisePotentiometers    text8        00C5A
__end_of_main                        maintext     00DA2
__end_of_readADCRaw                  text27       0068D
__end_of_readFilteredDutyPot         text26       00FA5
__end_of_readFilteredFreqPot         text25       01000
__end_of_readFilteredIL              text24       007FF
__end_of_readFilteredVout            text23       007A7
__end_of_readGPIO                    text7        00EA3
__end_of_readILCurrentADCRaw         text22       00C66
__end_of_runCurrentModeControl       text36       00C48
__end_of_runPotScaling               text21       00487
__end_of_runVoltageModeControl       text30       002AF
__end_of_setPWMDutyandPeriod         text20       00D46
__end_of_setupInternalOscillator     text6        0054C
__end_of_setupPWM                    text5        00CDC
__end_of_setupTimer0Interrupt        text4        00C3F
__end_of_transToCurrentModeControl   text3        00C30
__end_of_transToOverCurrentFault     text19       00C51
__end_of_transToPotControl           text2        00C1D
__end_of_transToVoltageModeControl   text1        00C37
__end_of_writeGPIO                   text11       006ED
__end_ofi1_currentTripReset          text17       00C72
__end_ofi1_readGPIO                  text31       00E59
__end_ofi1_writeGPIO                 text18       0074C
__initialization                     cinit        0009F
__pbssBANK0                          bssBANK0     0005D
__pbssBANK1                          bssBANK1     000A0
__pbssBANK2                          bssBANK2     00120
__pbssBANK3                          bssBANK3     001A0
__pbssBANK4                          bssBANK4     00220
__pcstackBANK0                       cstackBANK0  00020
__pcstackBANK1                       cstackBANK1  000E2
__pcstackCOMMON                      cstackCOMMON 00070
__pintentry                          intentry     00004
__pmaintext                          maintext     00D73
__pstringtext1                       stringtext1  007FF
__pstringtext2                       stringtext2  00811
__pstringtext3                       stringtext3  00000
__ptext1                             text1        00C30
__ptext10                            text10       00C7E
__ptext11                            text11       0068D
__ptext12                            text12       00C72
__ptext13                            text13       0054C
__ptext14                            text14       005C2
__ptext15                            text15       00C1D
__ptext17                            text17       00C66
__ptext18                            text18       006ED
__ptext19                            text19       00C48
__ptext2                             text2        00C19
__ptext20                            text20       00D1B
__ptext21                            text21       003A9
__ptext22                            text22       00C5A
__ptext23                            text23       0074C
__ptext24                            text24       007A7
__ptext25                            text25       00FA5
__ptext26                            text26       00F4A
__ptext27                            text27       00628
__ptext28                            text28       00D46
__ptext29                            text29       002AF
__ptext3                             text3        00C29
__ptext30                            text30       000CB
__ptext31                            text31       00E12
__ptext32                            text32       00DD5
__ptext33                            text33       00DA2
__ptext34                            text34       00CA6
__ptext35                            text35       00EA3
__ptext36                            text36       00C3F
__ptext37                            text37       00C8C
__ptext38                            text38       00CDC
__ptext39                            text39       00EEF
__ptext4                             text4        00C37
__ptext5                             text5        00CC0
__ptext6                             text6        00487
__ptext7                             text7        00E59
__ptext8                             text8        00C51
__ptext9                             text9        00CFB
_abs                                 text34       00CA6
_clockFrequency                      bssBANK1     000BC
_controlRoutine                      text29       002AF
_convertRawToMilliAmps               text37       00C8C
_convertRawToMilliVolts              text32       00DD5
_currentIDSFIFO                      bssBANK2     00140
_currentILFIFO                       bssBANK2     00120
_currentModeVariables                bssBANK1     000A0
_currentState                        bssBANK0     0006D
_currentTripCount                    bssBANK0     0006C
_currentTripRead                     text28       00D46
_currentTripRead$969                 cstackCOMMON 0007A
_currentTripReset                    text10       00C7E
_dutyPotFIFO                         bssBANK4     00220
_filteredDutyPot                     bssBANK1     000C0
_filteredFreqPot                     bssBANK0     0005D
_filteredIL                          bssBANK0     00061
_filteredVout                        bssBANK0     0005F
_freqPotFIFO                         bssBANK3     001A0
_initialiseADCModule                 text15       00C1D
_initialiseADCPin                    text14       005C2
_initialiseController                text12       00C72
_initialiseCurrentSensors            text9        00CFB
_initialiseGPIO                      text13       0054C
_initialisePotentiometers            text8        00C51
_latestIL                            bssBANK0     00063
_main                                maintext     00D73
_potSetCount                         bssBANK0     00069
_readADCRaw                          text27       00628
_readFilteredDutyPot                 text26       00F4A
_readFilteredFreqPot                 text25       00FA5
_readFilteredIL                      text24       007A7
_readFilteredVout                    text23       0074C
_readGPIO                            text7        00E59
_readILCurrentADCRaw                 text22       00C5A
_runCurrentModeControl               text36       00C3F
_runPotScaling                       text21       003A9
_runVoltageModeControl               text30       000CB
_setDuty                             bssBANK0     00065
_setPWMDutyandPeriod                 text20       00D1B
_setPeriod                           bssBANK0     0006F
_setupInternalOscillator             text6        00487
_setupPWM                            text5        00CC0
_setupTimer0Interrupt                text4        00C37
_timerSlotHalf                       bssBANK0     00068
_timerSlotQuarter                    bssBANK0     00067
_transToCurrentModeControl           text3        00C29
_transToOverCurrentFault             text19       00C48
_transToPotControl                   text2        00C19
_transToVoltageModeControl           text1        00C30
_tripIDS                             bssBANK0     0006B
_tripIL                              bssBANK0     0006A
_voltageModeVariables                bssBANK1     000C6
_voutFIFO                            bssBANK3     001C0
_writeGPIO                           text11       0068D
abs@a                                cstackCOMMON 00070
btemp                                (abs)        0007E
clear_ram0                           clrtext      00C23
controlRoutine@maxDuty               cstackBANK0  00058
controlRoutine@minDuty               cstackBANK0  0005A
convertRawToMilliAmps@offsetted      cstackCOMMON 00078
convertRawToMilliAmps@rawValue       cstackCOMMON 00076
convertRawToMilliAmps@returnValuemA  cstackCOMMON 0007A
convertRawToMilliVolts@offsetted     cstackBANK0  00029
convertRawToMilliVolts@rawValue      cstackCOMMON 0007C
convertRawToMilliVolts@returnValuedV cstackBANK0  0002B
convertRawToMilliVolts@vsenseMult    cstackBANK0  00025
end_of_initialization                cinit        000C7
i1_currentTripReset                  text17       00C66
i1_readGPIO                          text31       00E12
i1_writeGPIO                         text18       006ED
i1readGPIO@gpioNumber                cstackCOMMON 00078
i1readGPIO@portNumber                cstackCOMMON 00076
i1readGPIO@portType                  cstackCOMMON 00077
i1readGPIO@readA                     cstackCOMMON 00072
i1readGPIO@readB                     cstackCOMMON 00074
i1readGPIO@returnValueA              cstackCOMMON 00073
i1readGPIO@returnValueB              cstackCOMMON 00075
i1writeGPIO@gpioNumber               cstackCOMMON 00074
i1writeGPIO@portNumber               cstackCOMMON 00075
i1writeGPIO@portType                 cstackCOMMON 00073
i1writeGPIO@writeValue               cstackCOMMON 00070
initialiseADCPin@gpioNumber          cstackBANK1  000E7
initialiseADCPin@gpioValid           cstackBANK1  000E4
initialiseADCPin@portNumber          cstackBANK1  000E6
initialiseADCPin@portType            cstackBANK1  000E5
initialiseGPIO@direction             cstackBANK1  000E2
initialiseGPIO@gpioNumber            cstackBANK1  000E6
initialiseGPIO@portNumber            cstackBANK1  000E7
initialiseGPIO@portType              cstackBANK1  000E5
int$flags                            (abs)        0007E
intlevel0                            functab      00000
intlevel1                            functab      00000
intlevel2                            functab      00000
intlevel3                            functab      00000
intlevel4                            functab      00000
intlevel5                            functab      00000
readADCRaw@channel                   cstackCOMMON 00076
readADCRaw@gpioNumber                cstackCOMMON 0007A
readADCRaw@gpioValid                 cstackCOMMON 00077
readADCRaw@i                         cstackCOMMON 00078
readADCRaw@i_696                     cstackCOMMON 00079
readADCRaw@returnValue               cstackCOMMON 00074
readFilteredDutyPot@i                cstackBANK0  00029
readFilteredDutyPot@i_797            cstackBANK0  00028
readFilteredDutyPot@sumOfSamples     cstackBANK0  00024
readFilteredFreqPot@i                cstackBANK0  00029
readFilteredFreqPot@i_801            cstackBANK0  00028
readFilteredFreqPot@sumOfSamples     cstackBANK0  00024
readFilteredIL@i                     cstackCOMMON 0007B
readFilteredIL@i_977                 cstackCOMMON 0007A
readFilteredIL@sumOfSamples          cstackCOMMON 00076
readFilteredVout@i                   cstackBANK0  00029
readFilteredVout@i_894               cstackBANK0  00028
readFilteredVout@sumOfSamples        cstackBANK0  00024
readGPIO@gpioNumber                  cstackBANK1  000EA
readGPIO@portNumber                  cstackBANK1  000E8
readGPIO@portType                    cstackBANK1  000E9
readGPIO@readA                       cstackBANK1  000E4
readGPIO@readB                       cstackBANK1  000E6
readGPIO@returnValueA                cstackBANK1  000E5
readGPIO@returnValueB                cstackBANK1  000E7
reset_vec                            reset_vec    00000
runPotScaling@maxDuty                cstackBANK0  0002E
runPotScaling@minDuty                cstackBANK0  00030
runVoltageModeControl@integralMult   cstackBANK0  00040
runVoltageModeControl@newVoltage     cstackBANK0  00050
runVoltageModeControl@propMult       cstackBANK0  00048
setPWMDutyandPeriod@dutyCycle        cstackCOMMON 00070
setPWMDutyandPeriod@period           cstackCOMMON 00072
setupInternalOscillator@selectedFreq cstackBANK1  000E4
start                                init         0009D
start_initialization                 cinit        0009F
writeGPIO@gpioNumber                 cstackBANK1  000E6
writeGPIO@portNumber                 cstackBANK1  000E7
writeGPIO@portType                   cstackBANK1  000E5
writeGPIO@writeValue                 cstackBANK1  000E2
wtemp0                               (abs)        0007E


MODULE INFORMATION

Module		Function		Class		Link	Load	Size
C:\Program Files\Microchip\xc8\v2.36\pic\sources\c99\common\Umul32.c
		___lmul        		CODE           	0DA2	0000	51

C:\Program Files\Microchip\xc8\v2.36\pic\sources\c99\common\Umul32.c estimated size: 51

C:\Program Files\Microchip\xc8\v2.36\pic\sources\c99\common\__lldiv.c
		___lldiv       		CODE           	0EEF	0000	91

C:\Program Files\Microchip\xc8\v2.36\pic\sources\c99\common\__lldiv.c estimated size: 91

StateMachine.c
		_transToVoltageModeControl		CODE           	0C30	0000	7
		_transToCurrentModeControl		CODE           	0C29	0000	7
		_transToOverCurrentFault		CODE           	0C48	0000	9
		_transToPotControl		CODE           	0C19	0000	4

StateMachine.c estimated size: 27

CurrentSensor.c
		_initialiseCurrentSensors		CODE           	0CFB	0000	32
		_convertRawToMilliAmps		CODE           	0C8C	0000	26
		_currentTripReset		CODE           	0C7E	0000	14
		_currentTripRead		CODE           	0D46	0000	45
		_readFilteredIL		CODE           	07A7	0000	88

CurrentSensor.c estimated size: 205

PWM.c
		_setupPWM      		CODE           	0CC0	0000	28
		_setPWMDutyandPeriod		CODE           	0D1B	0000	43

PWM.c estimated size: 71

shared
		i1_currentTripReset		CODE           	0C66	0000	12
		i1_writeGPIO   		CODE           	06ED	0000	95
		i1_readGPIO    		CODE           	0E12	0000	71
		__initialization		CODE           	009F	0000	40

shared estimated size: 218

ADC.c
		_initialiseADCModule		CODE           	0C1D	0000	6
		_initialiseADCPin		CODE           	05C2	0000	102
		_readILCurrentADCRaw		CODE           	0C5A	0000	12
		_readADCRaw    		CODE           	0628	0000	101

ADC.c estimated size: 221

C:\Program Files\Microchip\xc8\v2.36\pic\sources\c99\common\abs.c
		_abs           		CODE           	0CA6	0000	26

C:\Program Files\Microchip\xc8\v2.36\pic\sources\c99\common\abs.c estimated size: 26

GPIO.c
		_writeGPIO     		CODE           	068D	0000	96
		_readGPIO      		CODE           	0E59	0000	74
		_initialiseGPIO		CODE           	054C	0000	118

GPIO.c estimated size: 288

Timer0.c
		_setupTimer0Interrupt		CODE           	0C37	0000	8

Timer0.c estimated size: 8

Controller.c
		_convertRawToMilliVolts		CODE           	0DD5	0000	61
		_controlRoutine		CODE           	02AF	0000	250
		_initialiseController		CODE           	0C72	0000	12
		_runVoltageModeControl		CODE           	00CB	0000	484
		_runCurrentModeControl		CODE           	0C3F	0000	9
		_readFilteredVout		CODE           	074C	0000	91

Controller.c estimated size: 907

main.c
		_main          		CODE           	0D73	0000	47
		_setupInternalOscillator		CODE           	0487	0000	197
		_Tick980Hz     		CODE           	0004	0000	153

main.c estimated size: 397

C:\Program Files\Microchip\xc8\v2.36\pic\sources\c99\common\Umul64.c
		___omul        		CODE           	0EA3	0000	76

C:\Program Files\Microchip\xc8\v2.36\pic\sources\c99\common\Umul64.c estimated size: 76

C:\Program Files\Microchip\xc8\v2.36\pic\sources\c99\common\Umul16.c
		___wmul        		CODE           	0CDC	0000	31

C:\Program Files\Microchip\xc8\v2.36\pic\sources\c99\common\Umul16.c estimated size: 31

Potentiometer.c
		_readFilteredFreqPot		CODE           	0FA5	0000	91
		_readFilteredDutyPot		CODE           	0F4A	0000	91
		_runPotScaling 		CODE           	03A9	0000	222
		_initialisePotentiometers		CODE           	0C51	0000	9

Potentiometer.c estimated size: 413

